{
  "version": "1.5.0",
  "plugins_used": [
    {
      "name": "ArtifactoryDetector"
    },
    {
      "name": "AWSKeyDetector"
    },
    {
      "name": "AzureStorageKeyDetector"
    },
    {
      "name": "Base64HighEntropyString",
      "limit": 4.5
    },
    {
      "name": "BasicAuthDetector"
    },
    {
      "name": "CloudantDetector"
    },
    {
      "name": "DiscordBotTokenDetector"
    },
    {
      "name": "GitHubTokenDetector"
    },
    {
      "name": "GitLabTokenDetector"
    },
    {
      "name": "HexHighEntropyString",
      "limit": 3
    },
    {
      "name": "IbmCloudIamDetector"
    },
    {
      "name": "IbmCosHmacDetector"
    },
    {
      "name": "IPPublicDetector"
    },
    {
      "name": "JwtTokenDetector"
    },
    {
      "name": "KeywordDetector",
      "keyword_exclude": ""
    },
    {
      "name": "MailchimpDetector"
    },
    {
      "name": "NpmDetector"
    },
    {
      "name": "OpenAIDetector"
    },
    {
      "name": "PrivateKeyDetector"
    },
    {
      "name": "PypiTokenDetector"
    },
    {
      "name": "SendGridDetector"
    },
    {
      "name": "SlackDetector"
    },
    {
      "name": "SoftlayerDetector"
    },
    {
      "name": "SquareOAuthDetector"
    },
    {
      "name": "StripeDetector"
    },
    {
      "name": "TelegramBotTokenDetector"
    },
    {
      "name": "TwilioKeyDetector"
    }
  ],
  "filters_used": [
    {
      "path": "detect_secrets.filters.allowlist.is_line_allowlisted"
    },
    {
      "path": "detect_secrets.filters.common.is_baseline_file",
      "filename": ".secrets.baseline"
    },
    {
      "path": "detect_secrets.filters.common.is_ignored_due_to_verification_policies",
      "min_level": 2
    },
    {
      "path": "detect_secrets.filters.heuristic.is_indirect_reference"
    },
    {
      "path": "detect_secrets.filters.heuristic.is_likely_id_string"
    },
    {
      "path": "detect_secrets.filters.heuristic.is_lock_file"
    },
    {
      "path": "detect_secrets.filters.heuristic.is_not_alphanumeric_string"
    },
    {
      "path": "detect_secrets.filters.heuristic.is_potential_uuid"
    },
    {
      "path": "detect_secrets.filters.heuristic.is_prefixed_with_dollar_sign"
    },
    {
      "path": "detect_secrets.filters.heuristic.is_sequential_string"
    },
    {
      "path": "detect_secrets.filters.heuristic.is_swagger_file"
    },
    {
      "path": "detect_secrets.filters.heuristic.is_templated_secret"
    },
    {
      "path": "detect_secrets.filters.regex.should_exclude_file",
      "pattern": [
        "tests/corpora/.*"
      ]
    }
  ],
  "results": {
    "deploy/README.md": [
      {
        "type": "Basic Auth Credentials",
        "filename": "deploy/README.md",
        "hashed_secret": "0ad9b8045ae5a8fd78b3a15adfaa6e44a15d7015",
        "is_verified": false,
        "line_number": 53,
        "is_secret": false
      }
    ],
    "deploy/scanipy_oracle/app.py": [
      {
        "type": "Basic Auth Credentials",
        "filename": "deploy/scanipy_oracle/app.py",
        "hashed_secret": "0ad9b8045ae5a8fd78b3a15adfaa6e44a15d7015",
        "is_verified": false,
        "line_number": 40,
        "is_secret": false
      }
    ],
    "workers/pins.json": [
      {
        "type": "Hex High Entropy String",
        "filename": "workers/pins.json",
        "hashed_secret": "921262c6e1e530caa55f21c8bd3515172002ed7e",
        "is_verified": false,
        "line_number": 8,
        "is_secret": false
      },
      {
        "type": "Hex High Entropy String",
        "filename": "workers/pins.json",
        "hashed_secret": "88201e67cecd52b96f7de0dc734b23b9838499eb",
        "is_verified": false,
        "line_number": 12,
        "is_secret": false
      },
      {
        "type": "Hex High Entropy String",
        "filename": "workers/pins.json",
        "hashed_secret": "8c26cb5ceb93dd91c871f521e421c978bc94289a",
        "is_verified": false,
        "line_number": 18,
        "is_secret": false
      },
      {
        "type": "Hex High Entropy String",
        "filename": "workers/pins.json",
        "hashed_secret": "3655dfb37b33171cc55906ebcc00f1cf2f3c2406",
        "is_verified": false,
        "line_number": 23,
        "is_secret": false
      },
      {
        "type": "Hex High Entropy String",
        "filename": "workers/pins.json",
        "hashed_secret": "b25ed046cde3c81da76d43d0fe4272334cca6abb",
        "is_verified": false,
        "line_number": 28,
        "is_secret": false
      },
      {
        "type": "Hex High Entropy String",
        "filename": "workers/pins.json",
        "hashed_secret": "02738a6fa97e3999768bd4febe5370e0fc6ab62c",
        "is_verified": false,
        "line_number": 33,
        "is_secret": false
      },
      {
        "type": "Hex High Entropy String",
        "filename": "workers/pins.json",
        "hashed_secret": "b64f6bc9cfdf0d51b109a96cc9ac4bac62f70de7",
        "is_verified": false,
        "line_number": 38,
        "is_secret": false
      }
    ],
    "docs/evidence/2026-09-25-dependency-compatibility/environment.json": [
      {
        "type": "Hex High Entropy String",
        "filename": "docs/evidence/2026-09-25-dependency-compatibility/environment.json",
        "hashed_secret": "886cacc9cdf9a6321e1dc4d490268b1ee9dbbac5",
        "is_verified": false,
        "line_number": 6,
        "is_secret": false
      }
    ],
    ".github/workflows/ci.yml": [
      {
        "type": "Secret Keyword",
        "filename": ".github/workflows/ci.yml",
        "hashed_secret": "3a4d129c69db5972a1c126f7301015064d876773",
        "is_verified": false,
        "line_number": 216
      },
      {
        "type": "Basic Auth Credentials",
        "filename": ".github/workflows/ci.yml",
        "hashed_secret": "3a4d129c69db5972a1c126f7301015064d876773",
        "is_verified": false,
        "line_number": 225
      }
    ],
    "docs/evidence/2026-09-25-r05-readiness/manifest.yaml": [
      {
        "type": "Hex High Entropy String",
        "filename": "docs/evidence/2026-09-25-r05-readiness/manifest.yaml",
        "hashed_secret": "886cacc9cdf9a6321e1dc4d490268b1ee9dbbac5",
        "is_verified": false,
        "line_number": 11,
        "is_secret": false
      },
      {
        "type": "Hex High Entropy String",
        "filename": "docs/evidence/2026-09-25-r05-readiness/manifest.yaml",
        "hashed_secret": "d798e9fb0090020455e35ec2d830d73be85a887a",
        "is_verified": false,
        "line_number": 16,
        "is_secret": false
      },
      {
        "type": "Hex High Entropy String",
        "filename": "docs/evidence/2026-09-25-r05-readiness/manifest.yaml",
        "hashed_secret": "5fc671d386c234d01a174e4f78b0f492109b6ff9",
        "is_verified": false,
        "line_number": 17,
        "is_secret": false
      },
      {
        "type": "Hex High Entropy String",
        "filename": "docs/evidence/2026-09-25-r05-readiness/manifest.yaml",
        "hashed_secret": "b128c376e9ca94915155e1d682499ecaa81fe147",
        "is_verified": false,
        "line_number": 18,
        "is_secret": false
      },
      {
        "type": "Hex High Entropy String",
        "filename": "docs/evidence/2026-09-25-r05-readiness/manifest.yaml",
        "hashed_secret": "de99a71f9436846dff24453b7d7f6378b23cde14",
        "is_verified": false,
        "line_number": 19,
        "is_secret": false
      },
      {
        "type": "Hex High Entropy String",
        "filename": "docs/evidence/2026-09-25-r05-readiness/manifest.yaml",
        "hashed_secret": "b1854d5c0eded5edaecd94e58f0d52c816093853",
        "is_verified": false,
        "line_number": 20,
        "is_secret": false
      },
      {
        "type": "Hex High Entropy String",
        "filename": "docs/evidence/2026-09-25-r05-readiness/manifest.yaml",
        "hashed_secret": "93fb38a35caeb2ea084f45456894775bbe71b495",
        "is_verified": false,
        "line_number": 21,
        "is_secret": false
      },
      {
        "type": "Hex High Entropy String",
        "filename": "docs/evidence/2026-09-25-r05-readiness/manifest.yaml",
        "hashed_secret": "c077a7971081aa898928c791a473cdc85002e6c8",
        "is_verified": false,
        "line_number": 22,
        "is_secret": false
      },
      {
        "type": "Hex High Entropy String",
        "filename": "docs/evidence/2026-09-25-r05-readiness/manifest.yaml",
        "hashed_secret": "da50fc5304ee5a973c67fd556fb2ed2c34c4fd57",
        "is_verified": false,
        "line_number": 26,
        "is_secret": false
      },
      {
        "type": "Hex High Entropy String",
        "filename": "docs/evidence/2026-09-25-r05-readiness/manifest.yaml",
        "hashed_secret": "e0e7d5f61f55dae685d3bcd2efcf27558c366a74",
        "is_verified": false,
        "line_number": 30,
        "is_secret": false
      },
      {
        "type": "Hex High Entropy String",
        "filename": "docs/evidence/2026-09-25-r05-readiness/manifest.yaml",
        "hashed_secret": "48f7c51450f22d1b4c65bb140728d55ebec4cec0",
        "is_verified": false,
        "line_number": 36,
        "is_secret": false
      },
      {
        "type": "Hex High Entropy String",
        "filename": "docs/evidence/2026-09-25-r05-readiness/manifest.yaml",
        "hashed_secret": "ed23f981895bde73d67309060a2cdc7abbdc4d50",
        "is_verified": false,
        "line_number": 99,
        "is_secret": false
      },
      {
        "type": "Hex High Entropy String",
        "filename": "docs/evidence/2026-09-25-r05-readiness/manifest.yaml",
        "hashed_secret": "da3d310f0ab2e0deef6523c5895ec1dddb4a8f0a",
        "is_verified": false,
        "line_number": 102,
        "is_secret": false
      },
      {
        "type": "Hex High Entropy String",
        "filename": "docs/evidence/2026-09-25-r05-readiness/manifest.yaml",
        "hashed_secret": "a70932a96435394e37af3e0f3c40d4b20b704402",
        "is_verified": false,
        "line_number": 105,
        "is_secret": false
      },
      {
        "type": "Hex High Entropy String",
        "filename": "docs/evidence/2026-09-25-r05-readiness/manifest.yaml",
        "hashed_secret": "037ea68cd04b11dc95e9bcb3dae025817b89a0f3",
        "is_verified": false,
        "line_number": 108,
        "is_secret": false
      },
      {
        "type": "Hex High Entropy String",
        "filename": "docs/evidence/2026-09-25-r05-readiness/manifest.yaml",
        "hashed_secret": "380fe2b9fb876d384662ab0f4179da62009be380",
        "is_verified": false,
        "line_number": 111,
        "is_secret": false
      }
    ],
    "docs/evidence/2026-09-25-r05-readiness/raw/container-inspect.json": [
      {
        "type": "Hex High Entropy String",
        "filename": "docs/evidence/2026-09-25-r05-readiness/raw/container-inspect.json",
        "hashed_secret": "1e00f4a22bf3df716d07726657fc815b9a54d131",
        "is_verified": false,
        "line_number": 3,
        "is_secret": false
      },
      {
        "type": "Base64 High Entropy String",
        "filename": "docs/evidence/2026-09-25-r05-readiness/raw/container-inspect.json",
        "hashed_secret": "bc6779a631507c0c16e4c79e981870f01a71bbd8",
        "is_verified": false,
        "line_number": 24,
        "is_secret": false
      },
      {
        "type": "Base64 High Entropy String",
        "filename": "docs/evidence/2026-09-25-r05-readiness/raw/container-inspect.json",
        "hashed_secret": "302298529f480ae7a6f112947c74c235f7c14be6",
        "is_verified": false,
        "line_number": 25,
        "is_secret": false
      },
      {
        "type": "Hex High Entropy String",
        "filename": "docs/evidence/2026-09-25-r05-readiness/raw/container-inspect.json",
        "hashed_secret": "2cbe365e99f640839f7f7c91cfa4443faa918461",
        "is_verified": false,
        "line_number": 224,
        "is_secret": false
      }
    ],
    "docs/evidence/2026-09-25-r05-readiness/raw/container.log": [
      {
        "type": "Hex High Entropy String",
        "filename": "docs/evidence/2026-09-25-r05-readiness/raw/container.log",
        "hashed_secret": "2b571e836c7a400c7e37d16fbf1e17526e7269e9",
        "is_verified": false,
        "line_number": 1,
        "is_secret": false
      },
      {
        "type": "Hex High Entropy String",
        "filename": "docs/evidence/2026-09-25-r05-readiness/raw/container.log",
        "hashed_secret": "4df41c47a6477896ac6a8e1ab2df9f73a2a6ff69",
        "is_verified": false,
        "line_number": 1,
        "is_secret": false
      },
      {
        "type": "Hex High Entropy String",
        "filename": "docs/evidence/2026-09-25-r05-readiness/raw/container.log",
        "hashed_secret": "de99a71f9436846dff24453b7d7f6378b23cde14",
        "is_verified": false,
        "line_number": 1,
        "is_secret": false
      },
      {
        "type": "Hex High Entropy String",
        "filename": "docs/evidence/2026-09-25-r05-readiness/raw/container.log",
        "hashed_secret": "e0e7d5f61f55dae685d3bcd2efcf27558c366a74",
        "is_verified": false,
        "line_number": 1,
        "is_secret": false
      },
      {
        "type": "Hex High Entropy String",
        "filename": "docs/evidence/2026-09-25-r05-readiness/raw/container.log",
        "hashed_secret": "380fe2b9fb876d384662ab0f4179da62009be380",
        "is_verified": false,
        "line_number": 9,
        "is_secret": false
      },
      {
        "type": "Hex High Entropy String",
        "filename": "docs/evidence/2026-09-25-r05-readiness/raw/container.log",
        "hashed_secret": "037ea68cd04b11dc95e9bcb3dae025817b89a0f3",
        "is_verified": false,
        "line_number": 74,
        "is_secret": false
      }
    ],
    "docs/evidence/2026-09-25-r05-readiness/raw/diagnostic.json": [
      {
        "type": "Hex High Entropy String",
        "filename": "docs/evidence/2026-09-25-r05-readiness/raw/diagnostic.json",
        "hashed_secret": "380fe2b9fb876d384662ab0f4179da62009be380",
        "is_verified": false,
        "line_number": 6,
        "is_secret": false
      },
      {
        "type": "Hex High Entropy String",
        "filename": "docs/evidence/2026-09-25-r05-readiness/raw/diagnostic.json",
        "hashed_secret": "de99a71f9436846dff24453b7d7f6378b23cde14",
        "is_verified": false,
        "line_number": 11,
        "is_secret": false
      },
      {
        "type": "Hex High Entropy String",
        "filename": "docs/evidence/2026-09-25-r05-readiness/raw/diagnostic.json",
        "hashed_secret": "2b571e836c7a400c7e37d16fbf1e17526e7269e9",
        "is_verified": false,
        "line_number": 56,
        "is_secret": false
      },
      {
        "type": "Hex High Entropy String",
        "filename": "docs/evidence/2026-09-25-r05-readiness/raw/diagnostic.json",
        "hashed_secret": "4df41c47a6477896ac6a8e1ab2df9f73a2a6ff69",
        "is_verified": false,
        "line_number": 62,
        "is_secret": false
      },
      {
        "type": "Hex High Entropy String",
        "filename": "docs/evidence/2026-09-25-r05-readiness/raw/diagnostic.json",
        "hashed_secret": "037ea68cd04b11dc95e9bcb3dae025817b89a0f3",
        "is_verified": false,
        "line_number": 71,
        "is_secret": false
      },
      {
        "type": "Hex High Entropy String",
        "filename": "docs/evidence/2026-09-25-r05-readiness/raw/diagnostic.json",
        "hashed_secret": "e0e7d5f61f55dae685d3bcd2efcf27558c366a74",
        "is_verified": false,
        "line_number": 78,
        "is_secret": false
      }
    ],
    "docs/evidence/historical/2026-08-31/recovery.yaml": [
      {
        "type": "Hex High Entropy String",
        "filename": "docs/evidence/historical/2026-08-31/recovery.yaml",
        "hashed_secret": "886cacc9cdf9a6321e1dc4d490268b1ee9dbbac5",
        "is_verified": false,
        "line_number": 13,
        "is_secret": false
      },
      {
        "type": "Hex High Entropy String",
        "filename": "docs/evidence/historical/2026-08-31/recovery.yaml",
        "hashed_secret": "48332677f800af36824a01dae8b1ee8d793f19f9",
        "is_verified": false,
        "line_number": 47,
        "is_secret": false
      },
      {
        "type": "Hex High Entropy String",
        "filename": "docs/evidence/historical/2026-08-31/recovery.yaml",
        "hashed_secret": "cd57d2f95e9c24e0aadaed72059c295fef30a88a",
        "is_verified": false,
        "line_number": 54,
        "is_secret": false
      },
      {
        "type": "Hex High Entropy String",
        "filename": "docs/evidence/historical/2026-08-31/recovery.yaml",
        "hashed_secret": "35f23430946310bfb7707fbd2a018a8488eaa3cf",
        "is_verified": false,
        "line_number": 61,
        "is_secret": false
      }
    ],
    "docs/evidence/historical/2026-08-31/refactor-invariance-topo8-2026-08-31.json": [
      {
        "type": "Hex High Entropy String",
        "filename": "docs/evidence/historical/2026-08-31/refactor-invariance-topo8-2026-08-31.json",
        "hashed_secret": "90c4a71475bb4a882558f79bf788e41c6cf9e5aa",
        "is_verified": false,
        "line_number": 141,
        "is_secret": false
      },
      {
        "type": "Hex High Entropy String",
        "filename": "docs/evidence/historical/2026-08-31/refactor-invariance-topo8-2026-08-31.json",
        "hashed_secret": "58cdceed29edff6b2729bf9aa2fd5ad59f3fee58",
        "is_verified": false,
        "line_number": 225,
        "is_secret": false
      },
      {
        "type": "Hex High Entropy String",
        "filename": "docs/evidence/historical/2026-08-31/refactor-invariance-topo8-2026-08-31.json",
        "hashed_secret": "1b9ab1db445b055177037d6f2767f6a12274c86a",
        "is_verified": false,
        "line_number": 246,
        "is_secret": false
      },
      {
        "type": "Hex High Entropy String",
        "filename": "docs/evidence/historical/2026-08-31/refactor-invariance-topo8-2026-08-31.json",
        "hashed_secret": "6dac30067651aa40a1e20efbc0fa747c96b0064c",
        "is_verified": false,
        "line_number": 288,
        "is_secret": false
      },
      {
        "type": "Hex High Entropy String",
        "filename": "docs/evidence/historical/2026-08-31/refactor-invariance-topo8-2026-08-31.json",
        "hashed_secret": "df417ce46149d6bb2aca0798c65d1b0bc3c536bc",
        "is_verified": false,
        "line_number": 330,
        "is_secret": false
      },
      {
        "type": "Hex High Entropy String",
        "filename": "docs/evidence/historical/2026-08-31/refactor-invariance-topo8-2026-08-31.json",
        "hashed_secret": "e78b28d054d0a51ebf884766cce272ab8b45fef0",
        "is_verified": false,
        "line_number": 393,
        "is_secret": false
      },
      {
        "type": "Hex High Entropy String",
        "filename": "docs/evidence/historical/2026-08-31/refactor-invariance-topo8-2026-08-31.json",
        "hashed_secret": "44f318f012888124c2de52405475d40825114b11",
        "is_verified": false,
        "line_number": 414,
        "is_secret": false
      },
      {
        "type": "Hex High Entropy String",
        "filename": "docs/evidence/historical/2026-08-31/refactor-invariance-topo8-2026-08-31.json",
        "hashed_secret": "36062720af617d002ce6cbff03516998bb98628e",
        "is_verified": false,
        "line_number": 435,
        "is_secret": false
      },
      {
        "type": "Hex High Entropy String",
        "filename": "docs/evidence/historical/2026-08-31/refactor-invariance-topo8-2026-08-31.json",
        "hashed_secret": "41823b403453dcc77c2633858370824e4e2a2c0e",
        "is_verified": false,
        "line_number": 519,
        "is_secret": false
      },
      {
        "type": "Hex High Entropy String",
        "filename": "docs/evidence/historical/2026-08-31/refactor-invariance-topo8-2026-08-31.json",
        "hashed_secret": "d2455b183b9e99dfcdca2f574cddbe3556b3cdc0",
        "is_verified": false,
        "line_number": 540,
        "is_secret": false
      },
      {
        "type": "Hex High Entropy String",
        "filename": "docs/evidence/historical/2026-08-31/refactor-invariance-topo8-2026-08-31.json",
        "hashed_secret": "16c0a80b585fdcbfa62c31f9cb9f67102b3712eb",
        "is_verified": false,
        "line_number": 582,
        "is_secret": false
      },
      {
        "type": "Hex High Entropy String",
        "filename": "docs/evidence/historical/2026-08-31/refactor-invariance-topo8-2026-08-31.json",
        "hashed_secret": "186c524e3a11d7d94dfbd5090d7eb70e50cb041b",
        "is_verified": false,
        "line_number": 624,
        "is_secret": false
      },
      {
        "type": "Hex High Entropy String",
        "filename": "docs/evidence/historical/2026-08-31/refactor-invariance-topo8-2026-08-31.json",
        "hashed_secret": "19698677351c782d1138cffd2606659cd3949585",
        "is_verified": false,
        "line_number": 645,
        "is_secret": false
      },
      {
        "type": "Hex High Entropy String",
        "filename": "docs/evidence/historical/2026-08-31/refactor-invariance-topo8-2026-08-31.json",
        "hashed_secret": "6cb27d8eaddcc41592d362c0ed2def2e7d475f7d",
        "is_verified": false,
        "line_number": 687,
        "is_secret": false
      },
      {
        "type": "Hex High Entropy String",
        "filename": "docs/evidence/historical/2026-08-31/refactor-invariance-topo8-2026-08-31.json",
        "hashed_secret": "eb237403b96026efe07160457435477c67723d52",
        "is_verified": false,
        "line_number": 708,
        "is_secret": false
      },
      {
        "type": "Hex High Entropy String",
        "filename": "docs/evidence/historical/2026-08-31/refactor-invariance-topo8-2026-08-31.json",
        "hashed_secret": "73cd5d56122a854f9f943348d23cbb67587437aa",
        "is_verified": false,
        "line_number": 729,
        "is_secret": false
      },
      {
        "type": "Hex High Entropy String",
        "filename": "docs/evidence/historical/2026-08-31/refactor-invariance-topo8-2026-08-31.json",
        "hashed_secret": "360b903bb673dea9446d61f9e5ac693c618d6e65",
        "is_verified": false,
        "line_number": 813,
        "is_secret": false
      },
      {
        "type": "Hex High Entropy String",
        "filename": "docs/evidence/historical/2026-08-31/refactor-invariance-topo8-2026-08-31.json",
        "hashed_secret": "cc7e39bb9a3df1f8ba5863abc7d0a72c30980e98",
        "is_verified": false,
        "line_number": 834,
        "is_secret": false
      },
      {
        "type": "Hex High Entropy String",
        "filename": "docs/evidence/historical/2026-08-31/refactor-invariance-topo8-2026-08-31.json",
        "hashed_secret": "85ff6d2776f698ea921e8e2dad866c4bd1379ce1",
        "is_verified": false,
        "line_number": 876,
        "is_secret": false
      },
      {
        "type": "Hex High Entropy String",
        "filename": "docs/evidence/historical/2026-08-31/refactor-invariance-topo8-2026-08-31.json",
        "hashed_secret": "fd845d21c667bd471d3c1b45098078d3a092baef",
        "is_verified": false,
        "line_number": 918,
        "is_secret": false
      },
      {
        "type": "Hex High Entropy String",
        "filename": "docs/evidence/historical/2026-08-31/refactor-invariance-topo8-2026-08-31.json",
        "hashed_secret": "71827647ab0f54e2281e92df7f23520e4d5907ab",
        "is_verified": false,
        "line_number": 939,
        "is_secret": false
      },
      {
        "type": "Hex High Entropy String",
        "filename": "docs/evidence/historical/2026-08-31/refactor-invariance-topo8-2026-08-31.json",
        "hashed_secret": "2f6d43a2043c26440b87d8e6d66867531b87d03e",
        "is_verified": false,
        "line_number": 981,
        "is_secret": false
      },
      {
        "type": "Hex High Entropy String",
        "filename": "docs/evidence/historical/2026-08-31/refactor-invariance-topo8-2026-08-31.json",
        "hashed_secret": "9cebac269f1a153b003f3b55502b3eaf4e33ab0c",
        "is_verified": false,
        "line_number": 1002,
        "is_secret": false
      },
      {
        "type": "Hex High Entropy String",
        "filename": "docs/evidence/historical/2026-08-31/refactor-invariance-topo8-2026-08-31.json",
        "hashed_secret": "2034a0dcdfb44769878ccf125930fa04c79d8d6d",
        "is_verified": false,
        "line_number": 1023,
        "is_secret": false
      },
      {
        "type": "Hex High Entropy String",
        "filename": "docs/evidence/historical/2026-08-31/refactor-invariance-topo8-2026-08-31.json",
        "hashed_secret": "c58cb2227e9fbb353669822ad1b281937fc59ef4",
        "is_verified": false,
        "line_number": 1107,
        "is_secret": false
      },
      {
        "type": "Hex High Entropy String",
        "filename": "docs/evidence/historical/2026-08-31/refactor-invariance-topo8-2026-08-31.json",
        "hashed_secret": "679f5dabff02f8946123836e32b05c1b704d0568",
        "is_verified": false,
        "line_number": 1170,
        "is_secret": false
      },
      {
        "type": "Hex High Entropy String",
        "filename": "docs/evidence/historical/2026-08-31/refactor-invariance-topo8-2026-08-31.json",
        "hashed_secret": "f394a87bc241c6fdfac2607cef31614cd3ee3511",
        "is_verified": false,
        "line_number": 1212,
        "is_secret": false
      },
      {
        "type": "Hex High Entropy String",
        "filename": "docs/evidence/historical/2026-08-31/refactor-invariance-topo8-2026-08-31.json",
        "hashed_secret": "dcd85602920ebdcae8c79e511de312dfb58b0fca",
        "is_verified": false,
        "line_number": 1233,
        "is_secret": false
      },
      {
        "type": "Hex High Entropy String",
        "filename": "docs/evidence/historical/2026-08-31/refactor-invariance-topo8-2026-08-31.json",
        "hashed_secret": "63017ad49735fab323ad29ce2680a7b4f67999eb",
        "is_verified": false,
        "line_number": 1275,
        "is_secret": false
      },
      {
        "type": "Hex High Entropy String",
        "filename": "docs/evidence/historical/2026-08-31/refactor-invariance-topo8-2026-08-31.json",
        "hashed_secret": "d99ff8f1e3f0c42da41e297b0026642f6e412a34",
        "is_verified": false,
        "line_number": 1296,
        "is_secret": false
      }
    ]
  },
  "generated_at": "2026-05-24T14:42:57Z"
}
