{
  "version": "1.5.0",
  "plugins_used": [
    {
      "name": "ArtifactoryDetector"
    },
    {
      "name": "AWSKeyDetector"
    },
    {
      "name": "AzureStorageKeyDetector"
    },
    {
      "name": "Base64HighEntropyString",
      "limit": 4.5
    },
    {
      "name": "BasicAuthDetector"
    },
    {
      "name": "CloudantDetector"
    },
    {
      "name": "DiscordBotTokenDetector"
    },
    {
      "name": "GitHubTokenDetector"
    },
    {
      "name": "GitLabTokenDetector"
    },
    {
      "name": "HexHighEntropyString",
      "limit": 3
    },
    {
      "name": "IbmCloudIamDetector"
    },
    {
      "name": "IbmCosHmacDetector"
    },
    {
      "name": "IPPublicDetector"
    },
    {
      "name": "JwtTokenDetector"
    },
    {
      "name": "KeywordDetector",
      "keyword_exclude": ""
    },
    {
      "name": "MailchimpDetector"
    },
    {
      "name": "NpmDetector"
    },
    {
      "name": "OpenAIDetector"
    },
    {
      "name": "PrivateKeyDetector"
    },
    {
      "name": "PypiTokenDetector"
    },
    {
      "name": "SendGridDetector"
    },
    {
      "name": "SlackDetector"
    },
    {
      "name": "SoftlayerDetector"
    },
    {
      "name": "SquareOAuthDetector"
    },
    {
      "name": "StripeDetector"
    },
    {
      "name": "TelegramBotTokenDetector"
    },
    {
      "name": "TwilioKeyDetector"
    }
  ],
  "filters_used": [
    {
      "path": "detect_secrets.filters.allowlist.is_line_allowlisted"
    },
    {
      "path": "detect_secrets.filters.common.is_baseline_file",
      "filename": ".secrets.baseline"
    },
    {
      "path": "detect_secrets.filters.common.is_ignored_due_to_verification_policies",
      "min_level": 2
    },
    {
      "path": "detect_secrets.filters.heuristic.is_indirect_reference"
    },
    {
      "path": "detect_secrets.filters.heuristic.is_likely_id_string"
    },
    {
      "path": "detect_secrets.filters.heuristic.is_lock_file"
    },
    {
      "path": "detect_secrets.filters.heuristic.is_not_alphanumeric_string"
    },
    {
      "path": "detect_secrets.filters.heuristic.is_potential_uuid"
    },
    {
      "path": "detect_secrets.filters.heuristic.is_prefixed_with_dollar_sign"
    },
    {
      "path": "detect_secrets.filters.heuristic.is_sequential_string"
    },
    {
      "path": "detect_secrets.filters.heuristic.is_swagger_file"
    },
    {
      "path": "detect_secrets.filters.heuristic.is_templated_secret"
    },
    {
      "path": "detect_secrets.filters.regex.should_exclude_file",
      "pattern": [
        "tests/corpora/.*"
      ]
    }
  ],
  "results": {
    "docs/evidence/2026-09-25-dependency-compatibility/environment.json": [
      {
        "type": "Hex High Entropy String",
        "filename": "docs/evidence/2026-09-25-dependency-compatibility/environment.json",
        "hashed_secret": "886cacc9cdf9a6321e1dc4d490268b1ee9dbbac5",
        "is_verified": false,
        "line_number": 6,
        "is_secret": false
      }
    ],
    ".github/workflows/ci.yml": [
      {
        "type": "Secret Keyword",
        "filename": ".github/workflows/ci.yml",
        "hashed_secret": "3a4d129c69db5972a1c126f7301015064d876773",
        "is_verified": false,
        "line_number": 216
      },
      {
        "type": "Basic Auth Credentials",
        "filename": ".github/workflows/ci.yml",
        "hashed_secret": "3a4d129c69db5972a1c126f7301015064d876773",
        "is_verified": false,
        "line_number": 225
      }
    ],
    "tests/fixtures/joern_raw_v2/evidence-manifest.json": [
      {
        "type": "Hex High Entropy String",
        "filename": "tests/fixtures/joern_raw_v2/evidence-manifest.json",
        "hashed_secret": "8cd29a94bbc23e63810741d16c9808a05d16aba2",
        "is_verified": false,
        "line_number": 12,
        "is_secret": false
      },
      {
        "type": "Hex High Entropy String",
        "filename": "tests/fixtures/joern_raw_v2/evidence-manifest.json",
        "hashed_secret": "a99e865c5f2d3d259db89a0f454a6de6599b00f7",
        "is_verified": false,
        "line_number": 16,
        "is_secret": false
      },
      {
        "type": "Hex High Entropy String",
        "filename": "tests/fixtures/joern_raw_v2/evidence-manifest.json",
        "hashed_secret": "a0ffa1c844b601af079bcd90b883b8e64ee71d78",
        "is_verified": false,
        "line_number": 20,
        "is_secret": false
      },
      {
        "type": "Hex High Entropy String",
        "filename": "tests/fixtures/joern_raw_v2/evidence-manifest.json",
        "hashed_secret": "9e969158020d2b71783410be873eb396f180a01e",
        "is_verified": false,
        "line_number": 24,
        "is_secret": false
      },
      {
        "type": "Hex High Entropy String",
        "filename": "tests/fixtures/joern_raw_v2/evidence-manifest.json",
        "hashed_secret": "a49b686fe2984950e214e5110a65455af74660cc",
        "is_verified": false,
        "line_number": 28,
        "is_secret": false
      },
      {
        "type": "Hex High Entropy String",
        "filename": "tests/fixtures/joern_raw_v2/evidence-manifest.json",
        "hashed_secret": "0b63e3f19e408b462f38bd2cc265343b2a4a4285",
        "is_verified": false,
        "line_number": 32,
        "is_secret": false
      },
      {
        "type": "Hex High Entropy String",
        "filename": "tests/fixtures/joern_raw_v2/evidence-manifest.json",
        "hashed_secret": "c8be21ec70ee76ce2f69cc5f1bab2c90abfcce7c",
        "is_verified": false,
        "line_number": 36,
        "is_secret": false
      },
      {
        "type": "Hex High Entropy String",
        "filename": "tests/fixtures/joern_raw_v2/evidence-manifest.json",
        "hashed_secret": "2f8b6b1c0bd623c26ed0e88ef1224a7c2bfb8808",
        "is_verified": false,
        "line_number": 40,
        "is_secret": false
      },
      {
        "type": "Hex High Entropy String",
        "filename": "tests/fixtures/joern_raw_v2/evidence-manifest.json",
        "hashed_secret": "e31e0e41877e226288afef54a7cfa3d2baf1e432",
        "is_verified": false,
        "line_number": 44,
        "is_secret": false
      },
      {
        "type": "Hex High Entropy String",
        "filename": "tests/fixtures/joern_raw_v2/evidence-manifest.json",
        "hashed_secret": "27c13ab5b915b562f1d21d17cb595f3d9c71f7b7",
        "is_verified": false,
        "line_number": 48,
        "is_secret": false
      },
      {
        "type": "Hex High Entropy String",
        "filename": "tests/fixtures/joern_raw_v2/evidence-manifest.json",
        "hashed_secret": "2acd3dccbf8c081ac005185def93e83e91ec2c1c",
        "is_verified": false,
        "line_number": 52,
        "is_secret": false
      },
      {
        "type": "Hex High Entropy String",
        "filename": "tests/fixtures/joern_raw_v2/evidence-manifest.json",
        "hashed_secret": "44a5f6446eb3888247ee2d0e5ce0ae55c70824d6",
        "is_verified": false,
        "line_number": 56,
        "is_secret": false
      },
      {
        "type": "Hex High Entropy String",
        "filename": "tests/fixtures/joern_raw_v2/evidence-manifest.json",
        "hashed_secret": "88a32d70629f3b408b250222a94d1f9c040e8c6d",
        "is_verified": false,
        "line_number": 60,
        "is_secret": false
      },
      {
        "type": "Hex High Entropy String",
        "filename": "tests/fixtures/joern_raw_v2/evidence-manifest.json",
        "hashed_secret": "4e6fa05d2bfae196e37e9ba2dd724752b47820dd",
        "is_verified": false,
        "line_number": 64,
        "is_secret": false
      },
      {
        "type": "Hex High Entropy String",
        "filename": "tests/fixtures/joern_raw_v2/evidence-manifest.json",
        "hashed_secret": "f90753b0cf8cdf985ab39e5205e3e3bebf51a5c9",
        "is_verified": false,
        "line_number": 68,
        "is_secret": false
      },
      {
        "type": "Hex High Entropy String",
        "filename": "tests/fixtures/joern_raw_v2/evidence-manifest.json",
        "hashed_secret": "8124b3fc7e80fb697f7702d08467335272c5ae5c",
        "is_verified": false,
        "line_number": 72,
        "is_secret": false
      },
      {
        "type": "Hex High Entropy String",
        "filename": "tests/fixtures/joern_raw_v2/evidence-manifest.json",
        "hashed_secret": "031297e60f100feaab2f3f4fd736710df10c6da6",
        "is_verified": false,
        "line_number": 76,
        "is_secret": false
      },
      {
        "type": "Hex High Entropy String",
        "filename": "tests/fixtures/joern_raw_v2/evidence-manifest.json",
        "hashed_secret": "14f0bdd48759bdb3056234a6799678a059e200a9",
        "is_verified": false,
        "line_number": 80,
        "is_secret": false
      },
      {
        "type": "Hex High Entropy String",
        "filename": "tests/fixtures/joern_raw_v2/evidence-manifest.json",
        "hashed_secret": "cfb6b89f3e73da2a43209bdcdabdae4c639f2675",
        "is_verified": false,
        "line_number": 84,
        "is_secret": false
      },
      {
        "type": "Hex High Entropy String",
        "filename": "tests/fixtures/joern_raw_v2/evidence-manifest.json",
        "hashed_secret": "8a362ee05e404f29deb6ebfa33d03b6cca14811d",
        "is_verified": false,
        "line_number": 88,
        "is_secret": false
      },
      {
        "type": "Hex High Entropy String",
        "filename": "tests/fixtures/joern_raw_v2/evidence-manifest.json",
        "hashed_secret": "7fa9d7f31d329753214f975c25836aa25cb5d4ef",
        "is_verified": false,
        "line_number": 92,
        "is_secret": false
      },
      {
        "type": "Hex High Entropy String",
        "filename": "tests/fixtures/joern_raw_v2/evidence-manifest.json",
        "hashed_secret": "f8e100f129c1216f3bbab92d10cd27b43a29d425",
        "is_verified": false,
        "line_number": 96,
        "is_secret": false
      },
      {
        "type": "Hex High Entropy String",
        "filename": "tests/fixtures/joern_raw_v2/evidence-manifest.json",
        "hashed_secret": "05a1c2de43a42c46da6cce2bb1c3035f806c6160",
        "is_verified": false,
        "line_number": 100,
        "is_secret": false
      },
      {
        "type": "Hex High Entropy String",
        "filename": "tests/fixtures/joern_raw_v2/evidence-manifest.json",
        "hashed_secret": "beed5a448112a89cb4eaee9cde197e11b3386a35",
        "is_verified": false,
        "line_number": 104,
        "is_secret": false
      },
      {
        "type": "Hex High Entropy String",
        "filename": "tests/fixtures/joern_raw_v2/evidence-manifest.json",
        "hashed_secret": "02fc19c0e55aa0308e39949cc3dcbc2765e0f4d5",
        "is_verified": false,
        "line_number": 108,
        "is_secret": false
      },
      {
        "type": "Hex High Entropy String",
        "filename": "tests/fixtures/joern_raw_v2/evidence-manifest.json",
        "hashed_secret": "431b92f1755a99fdb0319f44bc2bf7ef8928547a",
        "is_verified": false,
        "line_number": 112,
        "is_secret": false
      },
      {
        "type": "Hex High Entropy String",
        "filename": "tests/fixtures/joern_raw_v2/evidence-manifest.json",
        "hashed_secret": "d7f39e53bc3587a0393a723043def8ebc37cc42a",
        "is_verified": false,
        "line_number": 116,
        "is_secret": false
      },
      {
        "type": "Hex High Entropy String",
        "filename": "tests/fixtures/joern_raw_v2/evidence-manifest.json",
        "hashed_secret": "8840ee31c55cbb6e377e8fb43c639fa5dcbc99ca",
        "is_verified": false,
        "line_number": 120,
        "is_secret": false
      },
      {
        "type": "Hex High Entropy String",
        "filename": "tests/fixtures/joern_raw_v2/evidence-manifest.json",
        "hashed_secret": "702891318965bb36c5482b6bac7ab7b3e3e26746",
        "is_verified": false,
        "line_number": 124,
        "is_secret": false
      },
      {
        "type": "Hex High Entropy String",
        "filename": "tests/fixtures/joern_raw_v2/evidence-manifest.json",
        "hashed_secret": "03794b02e6c8fb71d48ad66c30848ab006925254",
        "is_verified": false,
        "line_number": 128,
        "is_secret": false
      },
      {
        "type": "Hex High Entropy String",
        "filename": "tests/fixtures/joern_raw_v2/evidence-manifest.json",
        "hashed_secret": "a9e341859a84765a2ba2e6d3bc745666b13422c6",
        "is_verified": false,
        "line_number": 132,
        "is_secret": false
      },
      {
        "type": "Hex High Entropy String",
        "filename": "tests/fixtures/joern_raw_v2/evidence-manifest.json",
        "hashed_secret": "66a7745e1b6b9069e49d62c63a09f702ea7212bf",
        "is_verified": false,
        "line_number": 136,
        "is_secret": false
      },
      {
        "type": "Hex High Entropy String",
        "filename": "tests/fixtures/joern_raw_v2/evidence-manifest.json",
        "hashed_secret": "8b8595ebddcfc03c120b317277d08217823c4ca9",
        "is_verified": false,
        "line_number": 140,
        "is_secret": false
      },
      {
        "type": "Hex High Entropy String",
        "filename": "tests/fixtures/joern_raw_v2/evidence-manifest.json",
        "hashed_secret": "1e2ba38afeeb8485735bd60d821c22666b1a6093",
        "is_verified": false,
        "line_number": 144,
        "is_secret": false
      },
      {
        "type": "Hex High Entropy String",
        "filename": "tests/fixtures/joern_raw_v2/evidence-manifest.json",
        "hashed_secret": "f9c1e0c6a702d3e9b88bfbb84df6d1bfb5923101",
        "is_verified": false,
        "line_number": 148,
        "is_secret": false
      },
      {
        "type": "Hex High Entropy String",
        "filename": "tests/fixtures/joern_raw_v2/evidence-manifest.json",
        "hashed_secret": "5848fd7a5ffc1ce5692a1213a6551448d704ab97",
        "is_verified": false,
        "line_number": 152,
        "is_secret": false
      },
      {
        "type": "Hex High Entropy String",
        "filename": "tests/fixtures/joern_raw_v2/evidence-manifest.json",
        "hashed_secret": "4d7fe8010a6bbc74045095871895e053d65c292d",
        "is_verified": false,
        "line_number": 156,
        "is_secret": false
      },
      {
        "type": "Hex High Entropy String",
        "filename": "tests/fixtures/joern_raw_v2/evidence-manifest.json",
        "hashed_secret": "f1ad224b24b2393f7bdea0c72ba4eb66f8118e22",
        "is_verified": false,
        "line_number": 160,
        "is_secret": false
      },
      {
        "type": "Hex High Entropy String",
        "filename": "tests/fixtures/joern_raw_v2/evidence-manifest.json",
        "hashed_secret": "8bbe8e3b0fb0fb1ca84f95a477b823727123ade5",
        "is_verified": false,
        "line_number": 164,
        "is_secret": false
      },
      {
        "type": "Hex High Entropy String",
        "filename": "tests/fixtures/joern_raw_v2/evidence-manifest.json",
        "hashed_secret": "9f47f6d274f9ed1dc8bc3c7c16aef674e9696c8a",
        "is_verified": false,
        "line_number": 168,
        "is_secret": false
      },
      {
        "type": "Hex High Entropy String",
        "filename": "tests/fixtures/joern_raw_v2/evidence-manifest.json",
        "hashed_secret": "a68d541526f9b5d75b2376eaeb41077569c73181",
        "is_verified": false,
        "line_number": 175,
        "is_secret": false
      },
      {
        "type": "Hex High Entropy String",
        "filename": "tests/fixtures/joern_raw_v2/evidence-manifest.json",
        "hashed_secret": "03135a47b546b0de54d27270a2fa76d61a12345d",
        "is_verified": false,
        "line_number": 181,
        "is_secret": false
      }
    ],
    "tests/fixtures/joern_raw_v2/evidence/java/container-inspect.json": [
      {
        "type": "Hex High Entropy String",
        "filename": "tests/fixtures/joern_raw_v2/evidence/java/container-inspect.json",
        "hashed_secret": "23601f09b92b08d799702659cb59454d77b95838",
        "is_verified": false,
        "line_number": 3,
        "is_secret": false
      },
      {
        "type": "Base64 High Entropy String",
        "filename": "tests/fixtures/joern_raw_v2/evidence/java/container-inspect.json",
        "hashed_secret": "cfa6ba567838b246a83fd54046bccda7b13ad412",
        "is_verified": false,
        "line_number": 27,
        "is_secret": false
      },
      {
        "type": "Base64 High Entropy String",
        "filename": "tests/fixtures/joern_raw_v2/evidence/java/container-inspect.json",
        "hashed_secret": "cc1f9eec9dbf57d2231feb0af73233167f0aab53",
        "is_verified": false,
        "line_number": 28,
        "is_secret": false
      },
      {
        "type": "Hex High Entropy String",
        "filename": "tests/fixtures/joern_raw_v2/evidence/java/container-inspect.json",
        "hashed_secret": "2cbe365e99f640839f7f7c91cfa4443faa918461",
        "is_verified": false,
        "line_number": 229,
        "is_secret": false
      }
    ],
    "tests/fixtures/joern_raw_v2/evidence/negative/container-inspect.json": [
      {
        "type": "Hex High Entropy String",
        "filename": "tests/fixtures/joern_raw_v2/evidence/negative/container-inspect.json",
        "hashed_secret": "1c057daba7d8af2008488b020c515c6fd33c909f",
        "is_verified": false,
        "line_number": 3,
        "is_secret": false
      },
      {
        "type": "Base64 High Entropy String",
        "filename": "tests/fixtures/joern_raw_v2/evidence/negative/container-inspect.json",
        "hashed_secret": "43f68a3b96a3ebdb7f67d58be2df0e54f2dfbdbe",
        "is_verified": false,
        "line_number": 26,
        "is_secret": false
      },
      {
        "type": "Hex High Entropy String",
        "filename": "tests/fixtures/joern_raw_v2/evidence/negative/container-inspect.json",
        "hashed_secret": "2cbe365e99f640839f7f7c91cfa4443faa918461",
        "is_verified": false,
        "line_number": 227,
        "is_secret": false
      }
    ],
    "tests/fixtures/joern_raw_v2/evidence/negative/existing_output.stderr.json": [
      {
        "type": "Hex High Entropy String",
        "filename": "tests/fixtures/joern_raw_v2/evidence/negative/existing_output.stderr.json",
        "hashed_secret": "516bcb94a51c205f379db897fc0332d7bdf424e6",
        "is_verified": false,
        "line_number": 6,
        "is_secret": false
      },
      {
        "type": "Base64 High Entropy String",
        "filename": "tests/fixtures/joern_raw_v2/evidence/negative/existing_output.stderr.json",
        "hashed_secret": "cdd6b1529f338b3e577a2d570a1874acc0b27aeb",
        "is_verified": false,
        "line_number": 7,
        "is_secret": false
      }
    ],
    "tests/fixtures/joern_raw_v2/evidence/negative/outcomes.json": [
      {
        "type": "Hex High Entropy String",
        "filename": "tests/fixtures/joern_raw_v2/evidence/negative/outcomes.json",
        "hashed_secret": "5dd81ccd06fdff99c5efa9b690122d1761393d0f",
        "is_verified": false,
        "line_number": 10,
        "is_secret": false
      }
    ],
    "tests/fixtures/joern_raw_v2/evidence/negative/symlink_source.stderr.json": [
      {
        "type": "Hex High Entropy String",
        "filename": "tests/fixtures/joern_raw_v2/evidence/negative/symlink_source.stderr.json",
        "hashed_secret": "1d6a7ace05124a7a416b8d26bc0b8bfe4c72352f",
        "is_verified": false,
        "line_number": 6,
        "is_secret": false
      },
      {
        "type": "Base64 High Entropy String",
        "filename": "tests/fixtures/joern_raw_v2/evidence/negative/symlink_source.stderr.json",
        "hashed_secret": "1bdb692524eaaa864e001219db8922b98a6c6a14",
        "is_verified": false,
        "line_number": 7,
        "is_secret": false
      }
    ],
    "tests/fixtures/joern_raw_v2/evidence/negative/wrong_frontend.json": [
      {
        "type": "Hex High Entropy String",
        "filename": "tests/fixtures/joern_raw_v2/evidence/negative/wrong_frontend.json",
        "hashed_secret": "3b2e54d0ba82ec9261a143d6cf5451a22d6d168a",
        "is_verified": false,
        "line_number": 1,
        "is_secret": false
      },
      {
        "type": "Hex High Entropy String",
        "filename": "tests/fixtures/joern_raw_v2/evidence/negative/wrong_frontend.json",
        "hashed_secret": "59f964bd3c9634ef5f29631b24991ad392e74414",
        "is_verified": false,
        "line_number": 1,
        "is_secret": false
      },
      {
        "type": "Hex High Entropy String",
        "filename": "tests/fixtures/joern_raw_v2/evidence/negative/wrong_frontend.json",
        "hashed_secret": "7016658519da072937f80e24d4edf2f333962bae",
        "is_verified": false,
        "line_number": 1,
        "is_secret": false
      },
      {
        "type": "Hex High Entropy String",
        "filename": "tests/fixtures/joern_raw_v2/evidence/negative/wrong_frontend.json",
        "hashed_secret": "9ab573e4be136403f16e2fc611968cdf90f64709",
        "is_verified": false,
        "line_number": 1,
        "is_secret": false
      },
      {
        "type": "Hex High Entropy String",
        "filename": "tests/fixtures/joern_raw_v2/evidence/negative/wrong_frontend.json",
        "hashed_secret": "9bf3f30e54533020fcf53084e41f73ac84557926",
        "is_verified": false,
        "line_number": 1,
        "is_secret": false
      },
      {
        "type": "Hex High Entropy String",
        "filename": "tests/fixtures/joern_raw_v2/evidence/negative/wrong_frontend.json",
        "hashed_secret": "9f47f6d274f9ed1dc8bc3c7c16aef674e9696c8a",
        "is_verified": false,
        "line_number": 1,
        "is_secret": false
      },
      {
        "type": "Hex High Entropy String",
        "filename": "tests/fixtures/joern_raw_v2/evidence/negative/wrong_frontend.json",
        "hashed_secret": "a68d541526f9b5d75b2376eaeb41077569c73181",
        "is_verified": false,
        "line_number": 1,
        "is_secret": false
      },
      {
        "type": "Hex High Entropy String",
        "filename": "tests/fixtures/joern_raw_v2/evidence/negative/wrong_frontend.json",
        "hashed_secret": "f9c1e0c6a702d3e9b88bfbb84df6d1bfb5923101",
        "is_verified": false,
        "line_number": 1,
        "is_secret": false
      }
    ],
    "tests/fixtures/joern_raw_v2/evidence/negative/wrong_frontend.stderr.json": [
      {
        "type": "Hex High Entropy String",
        "filename": "tests/fixtures/joern_raw_v2/evidence/negative/wrong_frontend.stderr.json",
        "hashed_secret": "aefaf0c468c3ab0ecfa480994b3fd37f8cabe3c5",
        "is_verified": false,
        "line_number": 6,
        "is_secret": false
      },
      {
        "type": "Base64 High Entropy String",
        "filename": "tests/fixtures/joern_raw_v2/evidence/negative/wrong_frontend.stderr.json",
        "hashed_secret": "0a7c86bd895c63b2ca2d20f76d7559314503ca70",
        "is_verified": false,
        "line_number": 7,
        "is_secret": false
      }
    ],
    "tests/fixtures/joern_raw_v2/evidence/python/container-inspect.json": [
      {
        "type": "Hex High Entropy String",
        "filename": "tests/fixtures/joern_raw_v2/evidence/python/container-inspect.json",
        "hashed_secret": "dcade502aa7f766b1c089376d71b93119b700b66",
        "is_verified": false,
        "line_number": 3,
        "is_secret": false
      },
      {
        "type": "Base64 High Entropy String",
        "filename": "tests/fixtures/joern_raw_v2/evidence/python/container-inspect.json",
        "hashed_secret": "b9565d79ffe15cc4614aec5511bb5b82952de79c",
        "is_verified": false,
        "line_number": 27,
        "is_secret": false
      },
      {
        "type": "Base64 High Entropy String",
        "filename": "tests/fixtures/joern_raw_v2/evidence/python/container-inspect.json",
        "hashed_secret": "c96dd9e457a8bf858e660c22187b62a7b8a1616e",
        "is_verified": false,
        "line_number": 28,
        "is_secret": false
      },
      {
        "type": "Hex High Entropy String",
        "filename": "tests/fixtures/joern_raw_v2/evidence/python/container-inspect.json",
        "hashed_secret": "15d639bcc23de5db87c3971329942d893279d9f5",
        "is_verified": false,
        "line_number": 180,
        "is_secret": false
      },
      {
        "type": "Hex High Entropy String",
        "filename": "tests/fixtures/joern_raw_v2/evidence/python/container-inspect.json",
        "hashed_secret": "2cbe365e99f640839f7f7c91cfa4443faa918461",
        "is_verified": false,
        "line_number": 229,
        "is_secret": false
      }
    ],
    "tests/fixtures/joern_raw_v2/evidence/schema/container-inspect.json": [
      {
        "type": "Hex High Entropy String",
        "filename": "tests/fixtures/joern_raw_v2/evidence/schema/container-inspect.json",
        "hashed_secret": "ddce2618241bbcc6672dea078318ab22f4b208d8",
        "is_verified": false,
        "line_number": 3,
        "is_secret": false
      },
      {
        "type": "Hex High Entropy String",
        "filename": "tests/fixtures/joern_raw_v2/evidence/schema/container-inspect.json",
        "hashed_secret": "20ca4e0cbe820742aa2da01af22608624b44714b",
        "is_verified": false,
        "line_number": 166,
        "is_secret": false
      },
      {
        "type": "Hex High Entropy String",
        "filename": "tests/fixtures/joern_raw_v2/evidence/schema/container-inspect.json",
        "hashed_secret": "2cbe365e99f640839f7f7c91cfa4443faa918461",
        "is_verified": false,
        "line_number": 214,
        "is_secret": false
      }
    ],
    "tests/fixtures/joern_raw_v2/exports/java.json": [
      {
        "type": "Hex High Entropy String",
        "filename": "tests/fixtures/joern_raw_v2/exports/java.json",
        "hashed_secret": "03135a47b546b0de54d27270a2fa76d61a12345d",
        "is_verified": false,
        "line_number": 1,
        "is_secret": false
      },
      {
        "type": "Hex High Entropy String",
        "filename": "tests/fixtures/joern_raw_v2/exports/java.json",
        "hashed_secret": "1e2ba38afeeb8485735bd60d821c22666b1a6093",
        "is_verified": false,
        "line_number": 1,
        "is_secret": false
      },
      {
        "type": "Hex High Entropy String",
        "filename": "tests/fixtures/joern_raw_v2/exports/java.json",
        "hashed_secret": "3b2e54d0ba82ec9261a143d6cf5451a22d6d168a",
        "is_verified": false,
        "line_number": 1,
        "is_secret": false
      },
      {
        "type": "Hex High Entropy String",
        "filename": "tests/fixtures/joern_raw_v2/exports/java.json",
        "hashed_secret": "59f964bd3c9634ef5f29631b24991ad392e74414",
        "is_verified": false,
        "line_number": 1,
        "is_secret": false
      },
      {
        "type": "Hex High Entropy String",
        "filename": "tests/fixtures/joern_raw_v2/exports/java.json",
        "hashed_secret": "6591f3a2fd15f4626c2f33382427e038c21e3839",
        "is_verified": false,
        "line_number": 1,
        "is_secret": false
      },
      {
        "type": "Hex High Entropy String",
        "filename": "tests/fixtures/joern_raw_v2/exports/java.json",
        "hashed_secret": "9ab573e4be136403f16e2fc611968cdf90f64709",
        "is_verified": false,
        "line_number": 1,
        "is_secret": false
      },
      {
        "type": "Hex High Entropy String",
        "filename": "tests/fixtures/joern_raw_v2/exports/java.json",
        "hashed_secret": "9bf3f30e54533020fcf53084e41f73ac84557926",
        "is_verified": false,
        "line_number": 1,
        "is_secret": false
      },
      {
        "type": "Hex High Entropy String",
        "filename": "tests/fixtures/joern_raw_v2/exports/java.json",
        "hashed_secret": "9f47f6d274f9ed1dc8bc3c7c16aef674e9696c8a",
        "is_verified": false,
        "line_number": 1,
        "is_secret": false
      }
    ],
    "tests/fixtures/joern_raw_v2/exports/python.json": [
      {
        "type": "Hex High Entropy String",
        "filename": "tests/fixtures/joern_raw_v2/exports/python.json",
        "hashed_secret": "139068628dca89339f1f530e1c47052a710d9f03",
        "is_verified": false,
        "line_number": 1,
        "is_secret": false
      },
      {
        "type": "Hex High Entropy String",
        "filename": "tests/fixtures/joern_raw_v2/exports/python.json",
        "hashed_secret": "3b2e54d0ba82ec9261a143d6cf5451a22d6d168a",
        "is_verified": false,
        "line_number": 1,
        "is_secret": false
      },
      {
        "type": "Hex High Entropy String",
        "filename": "tests/fixtures/joern_raw_v2/exports/python.json",
        "hashed_secret": "7016658519da072937f80e24d4edf2f333962bae",
        "is_verified": false,
        "line_number": 1,
        "is_secret": false
      },
      {
        "type": "Hex High Entropy String",
        "filename": "tests/fixtures/joern_raw_v2/exports/python.json",
        "hashed_secret": "9ab573e4be136403f16e2fc611968cdf90f64709",
        "is_verified": false,
        "line_number": 1,
        "is_secret": false
      },
      {
        "type": "Hex High Entropy String",
        "filename": "tests/fixtures/joern_raw_v2/exports/python.json",
        "hashed_secret": "9bf3f30e54533020fcf53084e41f73ac84557926",
        "is_verified": false,
        "line_number": 1,
        "is_secret": false
      },
      {
        "type": "Hex High Entropy String",
        "filename": "tests/fixtures/joern_raw_v2/exports/python.json",
        "hashed_secret": "9f47f6d274f9ed1dc8bc3c7c16aef674e9696c8a",
        "is_verified": false,
        "line_number": 1,
        "is_secret": false
      },
      {
        "type": "Hex High Entropy String",
        "filename": "tests/fixtures/joern_raw_v2/exports/python.json",
        "hashed_secret": "a68d541526f9b5d75b2376eaeb41077569c73181",
        "is_verified": false,
        "line_number": 1,
        "is_secret": false
      },
      {
        "type": "Hex High Entropy String",
        "filename": "tests/fixtures/joern_raw_v2/exports/python.json",
        "hashed_secret": "f9c1e0c6a702d3e9b88bfbb84df6d1bfb5923101",
        "is_verified": false,
        "line_number": 1,
        "is_secret": false
      }
    ]
  },
  "generated_at": "2026-05-24T14:42:57Z"
}
