{
  "version": "1.5.0",
  "plugins_used": [
    {
      "name": "ArtifactoryDetector"
    },
    {
      "name": "AWSKeyDetector"
    },
    {
      "name": "AzureStorageKeyDetector"
    },
    {
      "name": "Base64HighEntropyString",
      "limit": 4.5
    },
    {
      "name": "BasicAuthDetector"
    },
    {
      "name": "CloudantDetector"
    },
    {
      "name": "DiscordBotTokenDetector"
    },
    {
      "name": "GitHubTokenDetector"
    },
    {
      "name": "GitLabTokenDetector"
    },
    {
      "name": "HexHighEntropyString",
      "limit": 3.0
    },
    {
      "name": "IbmCloudIamDetector"
    },
    {
      "name": "IbmCosHmacDetector"
    },
    {
      "name": "IPPublicDetector"
    },
    {
      "name": "JwtTokenDetector"
    },
    {
      "name": "KeywordDetector",
      "keyword_exclude": ""
    },
    {
      "name": "MailchimpDetector"
    },
    {
      "name": "NpmDetector"
    },
    {
      "name": "OpenAIDetector"
    },
    {
      "name": "PrivateKeyDetector"
    },
    {
      "name": "PypiTokenDetector"
    },
    {
      "name": "SendGridDetector"
    },
    {
      "name": "SlackDetector"
    },
    {
      "name": "SoftlayerDetector"
    },
    {
      "name": "SquareOAuthDetector"
    },
    {
      "name": "StripeDetector"
    },
    {
      "name": "TelegramBotTokenDetector"
    },
    {
      "name": "TwilioKeyDetector"
    }
  ],
  "filters_used": [
    {
      "path": "detect_secrets.filters.allowlist.is_line_allowlisted"
    },
    {
      "path": "detect_secrets.filters.common.is_baseline_file",
      "filename": ".secrets.baseline"
    },
    {
      "path": "detect_secrets.filters.common.is_ignored_due_to_verification_policies",
      "min_level": 2
    },
    {
      "path": "detect_secrets.filters.heuristic.is_indirect_reference"
    },
    {
      "path": "detect_secrets.filters.heuristic.is_likely_id_string"
    },
    {
      "path": "detect_secrets.filters.heuristic.is_lock_file"
    },
    {
      "path": "detect_secrets.filters.heuristic.is_not_alphanumeric_string"
    },
    {
      "path": "detect_secrets.filters.heuristic.is_potential_uuid"
    },
    {
      "path": "detect_secrets.filters.heuristic.is_prefixed_with_dollar_sign"
    },
    {
      "path": "detect_secrets.filters.heuristic.is_sequential_string"
    },
    {
      "path": "detect_secrets.filters.heuristic.is_swagger_file"
    },
    {
      "path": "detect_secrets.filters.heuristic.is_templated_secret"
    },
    {
      "path": "detect_secrets.filters.regex.should_exclude_file",
      "pattern": [
        "tests/corpora/.*"
      ]
    }
  ],
  "results": {
    "workers/pins.json": [
      {
        "type": "Hex High Entropy String",
        "filename": "workers/pins.json",
        "hashed_secret": "921262c6e1e530caa55f21c8bd3515172002ed7e",
        "is_verified": false,
        "line_number": 8,
        "is_secret": false
      },
      {
        "type": "Hex High Entropy String",
        "filename": "workers/pins.json",
        "hashed_secret": "88201e67cecd52b96f7de0dc734b23b9838499eb",
        "is_verified": false,
        "line_number": 12,
        "is_secret": false
      },
      {
        "type": "Hex High Entropy String",
        "filename": "workers/pins.json",
        "hashed_secret": "8c26cb5ceb93dd91c871f521e421c978bc94289a",
        "is_verified": false,
        "line_number": 18,
        "is_secret": false
      },
      {
        "type": "Hex High Entropy String",
        "filename": "workers/pins.json",
        "hashed_secret": "3655dfb37b33171cc55906ebcc00f1cf2f3c2406",
        "is_verified": false,
        "line_number": 23,
        "is_secret": false
      },
      {
        "type": "Hex High Entropy String",
        "filename": "workers/pins.json",
        "hashed_secret": "b25ed046cde3c81da76d43d0fe4272334cca6abb",
        "is_verified": false,
        "line_number": 28,
        "is_secret": false
      },
      {
        "type": "Hex High Entropy String",
        "filename": "workers/pins.json",
        "hashed_secret": "02738a6fa97e3999768bd4febe5370e0fc6ab62c",
        "is_verified": false,
        "line_number": 33,
        "is_secret": false
      },
      {
        "type": "Hex High Entropy String",
        "filename": "workers/pins.json",
        "hashed_secret": "b64f6bc9cfdf0d51b109a96cc9ac4bac62f70de7",
        "is_verified": false,
        "line_number": 38,
        "is_secret": false
      }
    ],
    "docs/evidence/2026-09-25-dependency-compatibility/environment.json": [
      {
        "type": "Hex High Entropy String",
        "filename": "docs/evidence/2026-09-25-dependency-compatibility/environment.json",
        "hashed_secret": "886cacc9cdf9a6321e1dc4d490268b1ee9dbbac5",
        "is_verified": false,
        "line_number": 6,
        "is_secret": false
      }
    ],
    ".github/workflows/ci.yml": [
      {
        "type": "Secret Keyword",
        "filename": ".github/workflows/ci.yml",
        "hashed_secret": "3a4d129c69db5972a1c126f7301015064d876773",
        "is_verified": false,
        "line_number": 216
      },
      {
        "type": "Basic Auth Credentials",
        "filename": ".github/workflows/ci.yml",
        "hashed_secret": "3a4d129c69db5972a1c126f7301015064d876773",
        "is_verified": false,
        "line_number": 225
      }
    ]
  },
  "generated_at": "2026-05-24T14:42:57Z"
}
